// Jest Snapshot v1, https://goo.gl/fbAQLP

exports[`njoi should a sensible description 1`] = `
"{
  /**
   * Some string alkdsf jlkasj dfjklasj dfklj aklsj 
   * fkljaklsdfj klajs fklj aklsj fklja sklfjkl 
   * asjdfklj asklj klajsklfj aklsj dfklaskldfj klaj 
   * skldf jf
   */
  \\"a\\": <string>,

  /**
   * Some number
   */
  \\"b\\": <number>?,

  /**
   * Some boolean
   */
  \\"c\\": <boolean>?,

  \\"d\\": [<string>, ...]?,

  \\"e\\": [{
    \\"first\\": <string>?,
  }, ...]?,

  \\"f\\": <\\"a\\"|\\"b\\"|\\"c\\">?,

  \\"type\\": <\\"condo\\"|\\"appartment\\"|\\"mansion\\">?,
}"
`;

exports[`njoi should allow you to generate jsdoc 1`] = `
"### a: _string_

Some string alkdsf jlkasj dfjklasj dfklj aklsj fkljaklsdfj klajs fklj aklsj 
fklja sklfjkl asjdfklj asklj klajsklfj aklsj dfklaskldfj klaj skldf jf.

### b: _number (optional)_

Some number. Defaults to \`3\`.

### c: _boolean (optional)_

Some boolean.

### d[]: _string (optional)_

### e[].first: _string (optional)_

### f: _string (optional)_

Set it to either \`a\`, \`b\`, or \`c\`.

### type: _string (optional)_

Set it to either \`condo\`, \`appartment\`, or \`mansion\`.

### g.&lt;character&gt;.top: _number (optional)_

The top coordinate.

### g.&lt;character&gt;.left: _number (optional)_

The left coordinate.

### h: _string (optional)_

### h.first: _string (optional)_

### h.second: _number (optional)_

"
`;

exports[`njoi should treat strings with defaults as an other type 1`] = `
"{
  \\"foo\\": <string>?,
}"
`;

exports[`njoi should treat uris correctly 1`] = `
"{
  \\"foo\\": <uri>,
}"
`;
