// Jest Snapshot v1, https://goo.gl/fbAQLP

exports[`njoi should a sensible description 1`] = `
"{
  /**
   * Some string alkdsf jlkasj dfjklasj dfklj aklsj 
   * fkljaklsdfj klajs fklj aklsj fklja sklfjkl 
   * asjdfklj asklj klajsklfj aklsj dfklaskldfj klaj 
   * skldf jf
   */
  \\"a\\": \\"yay\\",

  /**
   * Some number
   */
  \\"b\\": <number>?,

  /**
   * Some boolean
   */
  \\"c\\": <boolean>?,

  \\"d\\": [<string>, ...]?,

  \\"e\\": [{
    \\"first\\": <string>?,
  }, ...]?,

  \\"f\\": <\\"a\\"|\\"b\\"|\\"c\\">?,

  \\"type\\": <\\"condo\\"|\\"appartment\\"|\\"mansion\\">?,
}"
`;

exports[`njoi should a sensible description 2`] = `
"### a: _string_

Some string alkdsf jlkasj dfjklasj dfklj aklsj fkljaklsdfj klajs fklj aklsj 
fklja sklfjkl asjdfklj asklj klajsklfj aklsj dfklaskldfj klaj skldf jf.

### b: _number (Optional)_

Some number. Defaults to \`3\`.

### c: _boolean (Optional)_

Some boolean.

### d[]: _string (Optional)_

### e[].first: _string (Optional)_

### f: _string (Optional)_

Set it to either \`a\`, \`b\`, or \`c\`.

### type: _string (Optional)_

Set it to either \`condo\`, \`appartment\`, or \`mansion\`.

"
`;

exports[`njoi should allow you to generate jsdoc 1`] = `
"/**
 * Impossible long description with way more text than should be allowed on a 
 * single line, but adding it anyhow to make sure wrapping is working. Impossible 
 * long description with way more text than should be allowed on a single line, but 
 * adding it anyhow to make sure wrapping is working. 

 * @typedef {Object} Simple
 * @property {string} a - Some string alkdsf jlkasj dfjklasj dfklj aklsj 
 * fkljaklsdfj klajs fklj aklsj fklja sklfjkl asjdfklj asklj klajsklfj aklsj 
 * dfklaskldfj klaj skldf jf
 * @property {number} [b=3] - Some number
 * @property {boolean} [c] - Some boolean
 * @property {string[]} [d]
 * @property {Person[]} [e]
 * @property {('a'|'b'|'c')} [f]
 * @property {('condo'|'appartment'|'mansion')} [type]
 * @property {CoordinateHolder} [g] - The coordinates indexed by characters
 * @property {(string|Object)} [h]
 */
/**
 * @typedef {Object} Person
 * @property {string} [first]
 */
/**
 * The coordinates indexed by characters
 * @typedef {Object.<string,Location>} CoordinateHolder - Valid keys: 'a', 'b', 'c'
 */
/**
 * @typedef {Object} Location
 * @property {number} [top] - The top coordinate
 * @property {number} [left] - The left coordinate
 */
"
`;
